// Jest Snapshot v1, https://goo.gl/fbAQLP

exports[`Pruebas en FirstApp Debe de hacer match con el snapshot 1`] = `
<div>
  <h2>
    Hola soy un title
  </h2>
  <p>
    No hay subTitle
  </p>
</div>
`;
